make -C /lib/modules/6.8.0-136-generic/build M=/tmp/w5500 clean
make[1]: Entering directory '/usr/src/linux-headers-6.8.0-136-generic'
  CLEAN   /tmp/w5500/Module.symvers
make[1]: Leaving directory '/usr/src/linux-headers-6.8.0-136-generic'
make -C /lib/modules/6.8.0-136-generic/build M=/tmp/w5500 modules
make[1]: Entering directory '/usr/src/linux-headers-6.8.0-136-generic'
warning: the compiler differs from the one used to build the kernel
  The kernel was built by: aarch64-linux-gnu-gcc-13 (Ubuntu 13.3.0-6ubuntu2~24.04.1) 13.3.0
  You are using:           gcc-13 (Ubuntu 13.3.0-6ubuntu2~24.04.1) 13.3.0
  CC [M]  /tmp/w5500/xnic_w5500.o
  MODPOST /tmp/w5500/Module.symvers
  CC [M]  /tmp/w5500/xnic_w5500.mod.o
  LD [M]  /tmp/w5500/xnic_w5500.ko
  BTF [M] /tmp/w5500/xnic_w5500.ko
Skipping BTF generation for /tmp/w5500/xnic_w5500.ko due to unavailability of vmlinux
make[1]: Leaving directory '/usr/src/linux-headers-6.8.0-136-generic'
make -C /lib/modules/6.8.0-136-generic/build M=/tmp/w5500 modules
make[1]: Entering directory '/usr/src/linux-headers-6.8.0-136-generic'
warning: the compiler differs from the one used to build the kernel
  The kernel was built by: aarch64-linux-gnu-gcc-13 (Ubuntu 13.3.0-6ubuntu2~24.04.1) 13.3.0
  You are using:           gcc-13 (Ubuntu 13.3.0-6ubuntu2~24.04.1) 13.3.0
  CC [M]  /tmp/w5500/xnic_w5500.o
  CHECK   /tmp/w5500/xnic_w5500.c
  MODPOST /tmp/w5500/Module.symvers
  CC [M]  /tmp/w5500/xnic_w5500.mod.o
  LD [M]  /tmp/w5500/xnic_w5500.ko
  BTF [M] /tmp/w5500/xnic_w5500.ko
Skipping BTF generation for /tmp/w5500/xnic_w5500.ko due to unavailability of vmlinux
make[1]: Leaving directory '/usr/src/linux-headers-6.8.0-136-generic'
filename:       /tmp/w5500/./xnic_w5500.ko
version:        0.1.0
license:        GPL
description:    Clean-room W5500 MACRAW SPI Ethernet lab driver
author:         XNIC project
srcversion:     99A6102D098F63AA7EF55CB
alias:          of:N*T*Cxnic,w5500-labC*
alias:          of:N*T*Cxnic,w5500-lab
alias:          spi:xnic-w5500-lab
alias:          spi:w5500-lab
depends:
name:           xnic_w5500
vermagic:       6.8.0-136-generic SMP preempt mod_unload modversions aarch64
