make: Entering directory '/home/xnic/xnic-clean/driver'
make -C /lib/modules/6.8.0-136-generic/build M=/home/xnic/xnic-clean/driver clean
make[1]: Entering directory '/usr/src/linux-headers-6.8.0-136-generic'
make[1]: Leaving directory '/usr/src/linux-headers-6.8.0-136-generic'
make: Leaving directory '/home/xnic/xnic-clean/driver'
make: Entering directory '/home/xnic/xnic-clean/driver'
make -C /lib/modules/6.8.0-136-generic/build M=/home/xnic/xnic-clean/driver modules
make[1]: Entering directory '/usr/src/linux-headers-6.8.0-136-generic'
warning: the compiler differs from the one used to build the kernel
  The kernel was built by: aarch64-linux-gnu-gcc-13 (Ubuntu 13.3.0-6ubuntu2~24.04.1) 13.3.0
  You are using:           gcc-13 (Ubuntu 13.3.0-6ubuntu2~24.04.1) 13.3.0
  CC [M]  /home/xnic/xnic-clean/driver/xnic_e1000.o
  MODPOST /home/xnic/xnic-clean/driver/Module.symvers
  CC [M]  /home/xnic/xnic-clean/driver/xnic_e1000.mod.o
  LD [M]  /home/xnic/xnic-clean/driver/xnic_e1000.ko
  BTF [M] /home/xnic/xnic-clean/driver/xnic_e1000.ko
Skipping BTF generation for /home/xnic/xnic-clean/driver/xnic_e1000.ko due to unavailability of vmlinux
make[1]: Leaving directory '/usr/src/linux-headers-6.8.0-136-generic'
make: Leaving directory '/home/xnic/xnic-clean/driver'
make: Entering directory '/usr/src/linux-headers-6.8.0-136-generic'
warning: the compiler differs from the one used to build the kernel
  The kernel was built by: aarch64-linux-gnu-gcc-13 (Ubuntu 13.3.0-6ubuntu2~24.04.1) 13.3.0
  You are using:           gcc-13 (Ubuntu 13.3.0-6ubuntu2~24.04.1) 13.3.0
  CHECK   /home/xnic/xnic-clean/driver/xnic_e1000.c
make: Leaving directory '/usr/src/linux-headers-6.8.0-136-generic'
Bound 0000:00:02.0 to xnic_e1000 as xnic0
driver: xnic_e1000
version: 0.1.0
firmware-version: 
expansion-rom-version: 
bus-info: 0000:00:02.0
supports-statistics: yes
supports-test: no
supports-eeprom-access: no
supports-register-dump: no
supports-priv-flags: no
PING 10.11.0.2 (10.11.0.2) from 10.11.0.15 xnic0: 56(84) bytes of data.
64 bytes from 10.11.0.2: icmp_seq=1 ttl=255 time=998 ms
64 bytes from 10.11.0.2: icmp_seq=2 ttl=255 time=0.219 ms
64 bytes from 10.11.0.2: icmp_seq=3 ttl=255 time=0.166 ms
64 bytes from 10.11.0.2: icmp_seq=4 ttl=255 time=0.146 ms
64 bytes from 10.11.0.2: icmp_seq=5 ttl=255 time=0.414 ms

--- 10.11.0.2 ping statistics ---
5 packets transmitted, 5 received, 0% packet loss, time 4105ms
rtt min/avg/max/mdev = 0.146/199.730/997.708/398.988 ms
PASS tx_ring_full before=0 after=1
NIC statistics:
     interrupts: 96
     spurious_interrupts: 0
     napi_polls: 96
     napi_budget_exhausted: 0
     tx_ring_full: 60
     tx_ring_wraps: 64
     rx_ring_wraps: 0
     tx_dma_errors: 0
     rx_alloc_failures: 0
     rx_dma_errors: 0
     rx_non_eop: 0
     rx_descriptor_errors: 0
     resets: 2
     tx_timeouts: 0
     link_changes: 0
PASS malformed_rx non_eop=0->1 descriptor_errors=0->2 recovery=5/5
NIC statistics:
     interrupts: 105
     spurious_interrupts: 0
     napi_polls: 105
     napi_budget_exhausted: 0
     tx_ring_full: 60
     tx_ring_wraps: 64
     rx_ring_wraps: 0
     tx_dma_errors: 0
     rx_alloc_failures: 0
     rx_dma_errors: 0
     rx_non_eop: 1
     rx_descriptor_errors: 2
     resets: 2
     tx_timeouts: 0
     link_changes: 0
PASS clean_checkout_commit=d446079762b8aab82172990ebe60250487cab18c
